`{
  "Model": "gpt-4o",
  "InternalSystemPrompt": null,
  "Tools": [
    {
      "function": {
        "toolID": "testdata/TestDualSubChat/test.gpt:6",
        "name": "chatbot",
        "parameters": null
      }
    },
    {
      "function": {
        "toolID": "testdata/TestDualSubChat/test.gpt:13",
        "name": "chatbot2",
        "parameters": null
      }
    }
  ],
  "Messages": [
    {
      "role": "system",
      "content": [
        {
          "text": "Call chatbots"
        }
      ],
      "usage": {}
    },
    {
      "role": "user",
      "content": [
        {
          "text": "User 1"
        }
      ],
      "usage": {}
    }
  ],
  "MaxTokens": 0,
  "Temperature": null,
  "JSONResponse": false,
  "Grammar": "",
  "Cache": null
}`
