`{
  "role": "assistant",
  "content": [
    {
      "text": "Assistant Response 1 - from chatbot1"
    }
  ],
  "usage": {}
}`
