`{
  "Model": "gpt-4o",
  "InternalSystemPrompt": null,
  "Tools": [
    {
      "function": {
        "toolID": "testdata/TestDualSubChat/test.gpt:6",
        "name": "chatbot",
        "parameters": null
      }
    },
    {
      "function": {
        "toolID": "testdata/TestDualSubChat/test.gpt:13",
        "name": "chatbot2",
        "parameters": null
      }
    }
  ],
  "Messages": [
    {
      "role": "system",
      "content": [
        {
          "text": "Call chatbots"
        }
      ],
      "usage": {}
    },
    {
      "role": "user",
      "content": [
        {
          "text": "User 1"
        }
      ],
      "usage": {}
    },
    {
      "role": "assistant",
      "content": [
        {
          "toolCall": {
            "index": 0,
            "id": "call_1",
            "function": {
              "name": "chatbot",
              "arguments": "Input to chatbot1"
            }
          }
        },
        {
          "toolCall": {
            "index": 1,
            "id": "call_2",
            "function": {
              "name": "chatbot2",
              "arguments": "Input to chatbot2"
            }
          }
        }
      ],
      "usage": {}
    },
    {
      "role": "tool",
      "content": [
        {
          "text": "Chat done"
        }
      ],
      "toolCall": {
        "index": 0,
        "id": "call_1",
        "function": {
          "name": "chatbot",
          "arguments": "Input to chatbot1"
        }
      },
      "usage": {}
    },
    {
      "role": "tool",
      "content": [
        {
          "text": "Chat done2"
        }
      ],
      "toolCall": {
        "index": 1,
        "id": "call_2",
        "function": {
          "name": "chatbot2",
          "arguments": "Input to chatbot2"
        }
      },
      "usage": {}
    }
  ],
  "MaxTokens": 0,
  "Temperature": null,
  "JSONResponse": false,
  "Grammar": "",
  "Cache": null
}`
