`{
  "role": "assistant",
  "content": [
    {
      "text": "And we're done"
    }
  ],
  "usage": {}
}`
