`{
  "Model": "gpt-4o",
  "InternalSystemPrompt": null,
  "Tools": null,
  "Messages": [
    {
      "role": "system",
      "content": [
        {
          "text": "this is from context -- foo.db\n\nthis is from other context foo.db and then\n\nthis is from other context and then foo.db\n\nThis is from tool"
        }
      ],
      "usage": {}
    },
    {
      "role": "user",
      "content": [
        {
          "text": "{\n\"file\": \"foo.db\"\n}"
        }
      ],
      "usage": {}
    }
  ],
  "MaxTokens": 0,
  "Temperature": null,
  "JSONResponse": false,
  "Grammar": "",
  "Cache": null
}`
