`{
  "Model": "gpt-4-turbo-preview",
  "InternalSystemPrompt": null,
  "Tools": [
    {
      "function": {
        "toolID": "testdata/TestExport/parent.gpt:5",
        "name": "frommain",
        "parameters": {
          "type": "object",
          "properties": {
            "defaultPromptParameter": {
              "description": "Prompt to send to the tool or assistant. This may be instructions or question.",
              "type": "string",
              "properties": null
            }
          },
          "required": [
            "defaultPromptParameter"
          ]
        }
      }
    },
    {
      "function": {
        "toolID": "testdata/TestExport/parent.gpt:11",
        "name": "parent-local",
        "parameters": {
          "type": "object",
          "properties": {
            "defaultPromptParameter": {
              "description": "Prompt to send to the tool or assistant. This may be instructions or question.",
              "type": "string",
              "properties": null
            }
          },
          "required": [
            "defaultPromptParameter"
          ]
        }
      }
    },
    {
      "function": {
        "toolID": "testdata/TestExport/sub/child.gpt:8",
        "name": "transient",
        "parameters": {
          "type": "object",
          "properties": {
            "defaultPromptParameter": {
              "description": "Prompt to send to the tool or assistant. This may be instructions or question.",
              "type": "string",
              "properties": null
            }
          },
          "required": [
            "defaultPromptParameter"
          ]
        }
      }
    }
  ],
  "Messages": [
    {
      "role": "system",
      "content": [
        {
          "text": "the default"
        }
      ]
    },
    {
      "role": "assistant",
      "content": [
        {
          "toolCall": {
            "index": 2,
            "id": "call_1",
            "function": {
              "name": "transient"
            }
          }
        }
      ]
    },
    {
      "role": "tool",
      "content": [
        {
          "text": "TEST RESULT CALL: 2"
        }
      ],
      "toolCall": {
        "index": 2,
        "id": "call_1",
        "function": {
          "name": "transient"
        }
      }
    }
  ],
  "MaxTokens": 0,
  "Temperature": null,
  "JSONResponse": false,
  "Grammar": "",
  "Cache": null
}`
