`{
  "model": "gpt-4o",
  "messages": [
    {
      "role": "system",
      "content": [
        {
          "text": "the transient"
        }
      ],
      "usage": {}
    }
  ]
}`
