`{
  "role": "assistant",
  "content": [
    {
      "toolCall": {
        "index": 2,
        "id": "call_1",
        "function": {
          "name": "transient"
        }
      }
    }
  ],
  "usage": {}
}`
