`{
  "role": "assistant",
  "content": [
    {
      "text": "Assistant Response 6 - from main chat tool resume"
    }
  ],
  "usage": {}
}`
