`{
  "Model": "gpt-4o",
  "InternalSystemPrompt": null,
  "Tools": [
    {
      "function": {
        "toolID": "testdata/TestContextSubChat/test.gpt:13",
        "name": "chatbot",
        "parameters": null
      }
    }
  ],
  "Messages": [
    {
      "role": "system",
      "content": [
        {
          "text": "Call chatbot"
        }
      ],
      "usage": {}
    },
    {
      "role": "assistant",
      "content": [
        {
          "toolCall": {
            "index": 0,
            "id": "call_3",
            "function": {
              "name": "chatbot",
              "arguments": "Input to chatbot1 on resume"
            }
          }
        }
      ],
      "usage": {}
    },
    {
      "role": "tool",
      "content": [
        {
          "text": "Response from context chatbot after resume"
        }
      ],
      "toolCall": {
        "index": 0,
        "id": "call_3",
        "function": {
          "name": "chatbot",
          "arguments": "Input to chatbot1 on resume"
        }
      },
      "usage": {}
    }
  ],
  "MaxTokens": 0,
  "Temperature": null,
  "JSONResponse": false,
  "Grammar": "",
  "Cache": null
}`
