`{
  "Model": "gpt-4o",
  "InternalSystemPrompt": false,
  "Tools": [
    {
      "function": {
        "toolID": "sys.chat.finish",
        "name": "chatFinish",
        "description": "Concludes the conversation. This can not be used to ask a question.",
        "parameters": {
          "properties": {
            "return": {
              "description": "The instructed value to return or a summary of the dialog if no value is instructed",
              "type": "string"
            }
          },
          "type": "object"
        }
      }
    }
  ],
  "Messages": [
    {
      "role": "system",
      "content": [
        {
          "text": "This is a chatbot"
        }
      ],
      "usage": {}
    },
    {
      "role": "user",
      "content": [
        {
          "text": "Input to chatbot1"
        }
      ],
      "usage": {}
    },
    {
      "role": "assistant",
      "content": [
        {
          "text": "Assistant Response 1 - from chatbot1"
        }
      ],
      "usage": {}
    },
    {
      "role": "user",
      "content": [
        {
          "text": "User 1"
        }
      ],
      "usage": {}
    }
  ],
  "MaxTokens": 0,
  "Temperature": null,
  "JSONResponse": false,
  "Grammar": "",
  "Cache": null
}`
