`{
  "role": "assistant",
  "content": [
    {
      "toolCall": {
        "index": 0,
        "id": "call_3",
        "function": {
          "name": "chatbot",
          "arguments": "Input to chatbot1 on resume"
        }
      }
    }
  ],
  "usage": {}
}`
