`{
  "role": "assistant",
  "content": [
    {
      "text": "Assistant Response 2 - from context tool"
    }
  ],
  "usage": {}
}`
