`{
  "Model": "gpt-4o",
  "InternalSystemPrompt": false,
  "Tools": null,
  "Messages": [
    {
      "role": "system",
      "content": [
        {
          "text": "Assistant Response 5 - from context tool resume\nHello"
        }
      ],
      "usage": {}
    },
    {
      "role": "user",
      "content": [
        {
          "text": "User 1"
        }
      ],
      "usage": {}
    },
    {
      "role": "assistant",
      "content": [
        {
          "text": "Assistant Response 3 - from main chat tool"
        }
      ],
      "usage": {}
    },
    {
      "role": "user",
      "content": [
        {
          "text": "User 3"
        }
      ],
      "usage": {}
    }
  ],
  "MaxTokens": 0,
  "Temperature": null,
  "JSONResponse": false,
  "Grammar": "",
  "Cache": null
}`
