`{
  "role": "assistant",
  "content": [
    {
      "toolCall": {
        "index": 0,
        "id": "call_2",
        "function": {
          "name": "agent2"
        }
      }
    }
  ],
  "usage": {}
}`
