`{
  "model": "gpt-4o",
  "tools": [
    {
      "function": {
        "toolID": "testdata/TestCwd/subtool/test.gpt:",
        "name": "test",
        "parameters": null
      }
    },
    {
      "function": {
        "toolID": "testdata/TestCwd/test.gpt:local",
        "name": "local",
        "parameters": null
      }
    }
  ],
  "messages": [
    {
      "role": "system",
      "content": [
        {
          "text": "noop"
        }
      ],
      "usage": {}
    },
    {
      "role": "assistant",
      "content": [
        {
          "toolCall": {
            "index": 0,
            "id": "call_1",
            "function": {
              "name": "test"
            }
          }
        }
      ],
      "usage": {}
    },
    {
      "role": "tool",
      "content": [
        {
          "text": "sub\nsub"
        }
      ],
      "toolCall": {
        "index": 0,
        "id": "call_1",
        "function": {
          "name": "test"
        }
      },
      "usage": {}
    }
  ]
}`
